{
  "id": 1,
  "name": "taro",
  "email": "taro@chan.com",
  "age": 5
}
